[debug] [2026-09-10T22:34:24.441Z] ----------------------------------------------------------------------
[debug] [2026-09-10T22:34:24.443Z] Command:       /opt/homebrew/Cellar/node/26.7.0/bin/node /Users/rennan/.npm/_npx/7750544ccf494d8b/node_modules/.bin/firebase projects:list
[debug] [2026-09-10T22:34:24.443Z] CLI Version:   15.28.2
[debug] [2026-09-10T22:34:24.443Z] Platform:      darwin
[debug] [2026-09-10T22:34:24.443Z] Node Version:  v26.7.0
[debug] [2026-09-10T22:34:24.443Z] Detected Agent: antigravity
[debug] [2026-09-10T22:34:24.443Z] Time:          Thu Sep 10 2026 19:34:24 GMT-0300 (Brasilia Standard Time)
[debug] [2026-09-10T22:34:24.443Z] ----------------------------------------------------------------------
[debug] 
[debug] [2026-09-10T22:34:24.448Z] >>> [apiv2][query] GET https://firebase-public.firebaseio.com/cli.json [none]
[debug] [2026-09-10T22:34:24.551Z] > command requires scopes: ["email","openid","https://www.googleapis.com/auth/cloudplatformprojects.readonly","https://www.googleapis.com/auth/firebase","https://www.googleapis.com/auth/cloud-platform"]
[debug] [2026-09-10T22:34:24.551Z] > authorizing via signed-in user (rennancr93@gmail.com)
[debug] [2026-09-10T22:34:24.552Z] Checked if tokens are valid: false, expires at: 1788576636868
[debug] [2026-09-10T22:34:24.552Z] Checked if tokens are valid: false, expires at: 1788576636868
[debug] [2026-09-10T22:34:24.552Z] > refreshing access token with scopes: []
[debug] [2026-09-10T22:34:24.553Z] >>> [apiv2][query] POST https://www.googleapis.com/oauth2/v3/token [none]
[debug] [2026-09-10T22:34:24.553Z] >>> [apiv2][body] POST https://www.googleapis.com/oauth2/v3/token [omitted]
[debug] [2026-09-10T22:34:24.558Z] *** [apiv2] error from fetch(https://firebase-public.firebaseio.com/cli.json, {"headers":{},"method":"GET"}): Error: getaddrinfo ENOTFOUND firebase-public.firebaseio.com
[warn] ⚠  Unable to fetch the CLI MOTD and remote config. This is not a fatal error, but may indicate an issue with your network connection. 
[debug] [2026-09-10T22:34:24.558Z] Failed to fetch MOTD FirebaseError: Failed to make request to https://firebase-public.firebaseio.com/cli.json
[debug] [2026-09-10T22:34:24.558Z] *** [apiv2] error from fetch(https://www.googleapis.com/oauth2/v3/token, {"headers":{},"method":"POST","body":{"type":"Buffer","data":[45,45,45,45,45,45,45,45,45,45,45,45,45,45,45,45,45,45,45,45,45,45,45,45,45,45,45,45,102,100,100,101,100,57,57,54,51,97,53,51,57,56,54,57,52,52,100,55,57,50,53,55,13,10,67,111,110,116,101,110,116,45,68,105,115,112,111,115,105,116,105,111,110,58,32,102,111,114,109,45,100,97,116,97,59,32,110,97,109,101,61,34,114,101,102,114,101,115,104,95,116,111,107,101,110,34,13,10,13,10,49,47,47,48,104,69,65,118,52,117,77,74,51,105,71,85,67,103,89,73,65,82,65,65,71,66,69,83,78,119,70,45,76,57,73,114,72,110,108,102,88,119,77,90,52,98,55,112,90,69,100,65,50,84,48,114,108,73,84,53,69,83,56,56,83,49,85,55,67,48,104,108,70,70,108,120,49,86,73,115,119,49,88,48,54,66,87,87,85,56,45,80,112,109,99,100,73,52,65,115,89,106,85,13,10,45,45,45,45,45,45,45,45,45,45,45,45,45,45,45,45,45,45,45,45,45,45,45,45,45,45,45,45,102,100,100,101,100,57,57,54,51,97,53,51,57,56,54,57,52,52,100,55,57,50,53,55,13,10,67,111,110,116,101,110,116,45,68,105,115,112,111,115,105,116,105,111,110,58,32,102,111,114,109,45,100,97,116,97,59,32,110,97,109,101,61,34,99,108,105,101,110,116,95,105,100,34,13,10,13,10,53,54,51,53,56,52,51,51,53,56,54,57,45,102,103,114,104,103,109,100,52,55,98,113,110,101,107,105,106,53,105,56,98,53,112,114,48,51,104,111,56,52,57,101,54,46,97,112,112,115,46,103,111,111,103,108,101,117,115,101,114,99,111,110,116,101,110,116,46,99,111,109,13,10,45,45,45,45,45,45,45,45,45,45,45,45,45,45,45,45,45,45,45,45,45,45,45,45,45,45,45,45,102,100,100,101,100,57,57,54,51,97,53,51,57,56,54,57,52,52,100,55,57,50,53,55,13,10,67,111,110,116,101,110,116,45,68,105,115,112,111,115,105,116,105,111,110,58,32,102,111,114,109,45,100,97,116,97,59,32,110,97,109,101,61,34,99,108,105,101,110,116,95,115,101,99,114,101,116,34,13,10,13,10,106,57,105,86,90,102,83,56,107,107,67,69,70,85,80,97,65,101,74,86,48,115,65,105,13,10,45,45,45,45,45,45,45,45,45,45,45,45,45,45,45,45,45,45,45,45,45,45,45,45,45,45,45,45,102,100,100,101,100,57,57,54,51,97,53,51,57,56,54,57,52,52,100,55,57,50,53,55,13,10,67,111,110,116,101,110,116,45,68,105,115,112,111,115,105,116,105,111,110,58,32,102,111,114,109,45,100,97,116,97,59,32,110,97,109,101,61,34,103,114,97,110,116,95,116,121,112,101,34,13,10,13,10,114,101,102,114,101,115,104,95,116,111,107,101,110,13,10,45,45,45,45,45,45,45,45,45,45,45,45,45,45,45,45,45,45,45,45,45,45,45,45,45,45,45,45,102,100,100,101,100,57,57,54,51,97,53,51,57,56,54,57,52,52,100,55,57,50,53,55,13,10,67,111,110,116,101,110,116,45,68,105,115,112,111,115,105,116,105,111,110,58,32,102,111,114,109,45,100,97,116,97,59,32,110,97,109,101,61,34,115,99,111,112,101,34,13,10,13,10,13,10,45,45,45,45,45,45,45,45,45,45,45,45,45,45,45,45,45,45,45,45,45,45,45,45,45,45,45,45,102,100,100,101,100,57,57,54,51,97,53,51,57,56,54,57,52,52,100,55,57,50,53,55,45,45,13,10]}}): Error: getaddrinfo ENOTFOUND www.googleapis.com
[error] Authentication Error: Your credentials are no longer valid. Please run firebase login --reauth

For CI servers and headless environments, generate a new token with firebase login:ci
[debug] [2026-09-10T22:34:24.559Z] Authentication Error: Your credentials are no longer valid. Please run firebase login --reauth

For CI servers and headless environments, generate a new token with firebase login:ci
[debug] [2026-09-10T22:34:24.559Z] FirebaseError: Authentication Error: Your credentials are no longer valid. Please run firebase login --reauth

For CI servers and headless environments, generate a new token with firebase login:ci
    at invalidCredentialError (/Users/rennan/.npm/_npx/7750544ccf494d8b/node_modules/firebase-tools/lib/auth.js:178:12)
    at refreshTokens (/Users/rennan/.npm/_npx/7750544ccf494d8b/node_modules/firebase-tools/lib/auth.js:607:15)
    at process.processTicksAndRejections (node:internal/process/task_queues:104:5)
    at async getAccessToken (/Users/rennan/.npm/_npx/7750544ccf494d8b/node_modules/firebase-tools/lib/apiv2.js:53:18)
    at async Client.addAuthHeader (/Users/rennan/.npm/_npx/7750544ccf494d8b/node_modules/firebase-tools/lib/apiv2.js:209:21)
    at async Client.request (/Users/rennan/.npm/_npx/7750544ccf494d8b/node_modules/firebase-tools/lib/apiv2.js:156:34)
    at async getProjectPage (/Users/rennan/.npm/_npx/7750544ccf494d8b/node_modules/firebase-tools/lib/management/projects.js:287:17)
    at async getFirebaseProjectPage (/Users/rennan/.npm/_npx/7750544ccf494d8b/node_modules/firebase-tools/lib/management/projects.js:304:23)
    at async listFirebaseProjects (/Users/rennan/.npm/_npx/7750544ccf494d8b/node_modules/firebase-tools/lib/management/projects.js:333:29)
    at async Command.actionFn (/Users/rennan/.npm/_npx/7750544ccf494d8b/node_modules/firebase-tools/lib/commands/projects-list.js:51:20)
[error] 
[error] Error: Failed to list Firebase projects. See firebase-debug.log for more info.
[debug] [2026-09-10T22:34:24.828Z] Error: EPERM: operation not permitted, open '/Users/rennan/.config/configstore/firebase-tools.json.3178343244'
    at Object.openSync (node:fs:697:18)
    at writeFile.writeFileSync [as sync] (/Users/rennan/.npm/_npx/7750544ccf494d8b/node_modules/write-file-atomic/index.js:205:13)
    at set all (/Users/rennan/.npm/_npx/7750544ccf494d8b/node_modules/configstore/index.js:61:20)
    at Configstore.delete (/Users/rennan/.npm/_npx/7750544ccf494d8b/node_modules/configstore/index.js:101:12)
    at process.<anonymous> (/Users/rennan/.npm/_npx/7750544ccf494d8b/node_modules/firebase-tools/lib/bin/cli.js:95:45)
    at process.emit (node:events:526:24)
    at process.exit (node:internal/process/per_thread:236:15)
    at Timeout._onTimeout (/Users/rennan/.npm/_npx/7750544ccf494d8b/node_modules/firebase-tools/lib/errorOut.js:20:17)
    at listOnTimeout (node:internal/timers:685:17)
    at process.processTimers (node:internal/timers:618:7)
[error] 
[error] Error: An unexpected error has occurred.
